// Jest Snapshot v1, https://goo.gl/fbAQLP

exports[`App It should render App 1`] = `
<div>
  <div>
    <aside
      class="sidebar-wrapper"
    >
      <h2
        class="title sidebar-title"
      >
        List Users
      </h2>
      <ul
        class="user-list"
      />
      <a
        href="/register"
      >
        <button
          class="button"
        >
          New user
        </button>
      </a>
    </aside>
    <div
      class="content-wrapper"
    >
      <p>
        Content todo is empty, please help me create user or selected user.
      </p>
    </div>
  </div>
</div>
`;
